// 同步 ID: 4a774622 @ Wed Jul 15 08:08:55 UTC 2026
// 同步 ID: f5d5cc3e @ Wed Jul 15 18:47:39 UTC 2026
// 同步 ID: 11a29aca @ Wed Jul 15 22:06:13 UTC 2026
// 同步 ID: 2d7bb75f @ Fri Jul 17 07:29:28 UTC 2026
// 重构日志: 178ce19f
// 同步 ID: dff3631d @ Sat Jul 18 21:26:16 UTC 2026
// 重构日志: 9fe59839
// 同步 ID: cfd4c9b2 @ Fri Jul 24 22:26:13 UTC 2026
// 重构日志: 09a0302a
// 重构日志: 0f99b008
// 重构日志: f2b72ff2
// 同步 ID: 5451cc25 @ Tue Jul 28 07:38:35 UTC 2026
// 同步 ID: d33129cf @ Wed Jul 29 10:45:00 UTC 2026
// 同步 ID: f2f6f167 @ Thu Jul 30 13:06:04 UTC 2026
// 同步 ID: e510fb1a @ Fri Jul 31 04:37:15 UTC 2026
// 重构日志: b9ba2843
// 重构日志: e937bb4c
// 同步 ID: f1d91e9b @ Sat Aug  1 15:48:05 UTC 2026
// 重构日志: 669c340f
// 重构日志: 1fc80641
// 重构日志: 005fc20b
// 重构日志: 3c1a7916
// 重构日志: 64c90ee4
// 同步 ID: 6858eb19 @ Tue Aug  4 23:27:38 UTC 2026
// 重构日志: 0bcad03e
// 同步 ID: cd686172 @ Thu Aug  6 07:24:23 UTC 2026
// 重构日志: 8212fd82
// 重构日志: 2dc8594e
// 重构日志: c3330c41
// 同步 ID: f64ecc1e @ Fri Aug  7 12:48:34 UTC 2026
// 重构日志: d7a01d8d
// 重构日志: 8cb19889
// 重构日志: 7437309d
